
 Start  Stop   Length Name                   Class
 00000H 00204H 00205H UIASM_TEXT             CODE
 00206H 00232H 0002DH UTILS_TEXT             CODE
 00234H 0023FH 0000CH ABSOLUTE_TEXT          CODE
 00240H 00350H 00111H INTRPT_TEXT            CODE
 00352H 0046FH 0011EH INT86OLD_TEXT          CODE
 00470H 00A0DH 0059EH _TEXT                  CODE
 00A10H 05738H 04D29H CAMPS2_CODE            BC_CODE
 05740H 0B524H 05DE5H DRAC_002_CODE          BC_CODE
 0B530H 0CCAAH 0177BH WIN_001_CODE           BC_CODE
 0CCACH 0CCACH 00000H C_ETEXT                ENDCODE
 0CCACH 0D791H 00AE6H XMSSEG                 XMSSEG
 0D7A0H 0D7A0H 00000H FAR_BSS                FAR_BSS
 0D7A0H 0D7A0H 00000H FAR_DATA               FAR_DATA
 0D7A0H 108C1H 03122H NULL                   BEGDATA
 108C2H 1091BH 0005AH _DATA                  DATA
 1091CH 10929H 0000EH CDATA                  DATA
 1092AH 1092BH 00002H XIQC                   DATA
 1092CH 1092CH 00000H XIB                    DATA
 1092CH 1092CH 00000H XI                     DATA
 1092CH 1092CH 00000H XIE                    DATA
 1092CH 1092CH 00000H XPB                    DATA
 1092CH 1092CH 00000H XP                     DATA
 1092CH 1092CH 00000H XPE                    DATA
 1092CH 1092CH 00000H XCB                    DATA
 1092CH 1092CH 00000H XC                     DATA
 1092CH 1092CH 00000H XCE                    DATA
 1092CH 10939H 0000EH DBDATA                 DATA
 1093AH 10957H 0001EH _BSS                   DATA
 10960H 10960H 00000H BR_DATA                BLANK
 10960H 10960H 00000H BR_SKYS                BLANK
 10960H 10960H 00000H COMMON                 BLANK
 10960H 14421H 03AC2H BC_DATA                BC_DATA
 14422H 14423H 00002H NMALLOC                BC_VARS
 14424H 14425H 00002H ENMALLOC               BC_VARS
 14426H 14429H 00004H CAMPS                  BC_VARS
 1442AH 1442FH 00006H VIDEOF                 BC_VARS
 14430H 14437H 00008H WIN.001                BC_VARS
 14438H 14438H 00000H BC_FT                  BC_SEGS
 14440H 14A77H 00638H BC_CN                  BC_SEGS
 14A80H 14AA2H 00023H BC_DS                  BC_SEGS
 14AA4H 14AA4H 00000H BC_SAB                 BC_SEGS
 14AA4H 14AB3H 00010H BC_SA                  BC_SEGS
 14AB4H 14AB4H 00000H _BSS                   BSS
 14AB4H 14AB4H 00000H XOB                    BSS
 14AB4H 14AB4H 00000H XO                     BSS
 14AB4H 14AB4H 00000H XOE                    BSS
 14AC0H 14AC0H 00000H STACK                  STACK
 14AC0H 15A61H 00FA2H SYMBOL                 

 Origin   Group
 0D7A:0   DGROUP

Program entry point at 14AC:0000
